2018-11-04 14:49:40 log-cmd[4637] INFO: calling: date(B[m
2018-11-04 14:53:28 log-cmd[5051] INFO: calling: date(B[m
2018-11-04 14:53:49 log-cmd[5232] INFO: calling: date(B[m
2018-11-04 14:54:06 log-cmd[5350] INFO: calling: date(B[m
[2m2018-11-04 14:54:06 log-cmd[5350] DEBUG: So 4. Nov 14:54:06 CET 2018(B[m
2018-11-04 14:54:23 log-cmd[5489] INFO: calling: date(B[m
[2m2018-11-04 14:54:23 log-cmd[5489] DEBUG: So 4. Nov 14:54:23 CET 2018(B[m
2018-11-04 14:54:37 log-cmd[5593] INFO: calling: date(B[m
[2m2018-11-04 14:54:37 log-cmd[5593] DEBUG: So 4. Nov 14:54:37 CET 2018(B[m
2018-11-04 14:55:12 log-cmd[5796] INFO: calling: date(B[m
[2m2018-11-04 14:55:12 log-cmd[5796] DEBUG: So 4. Nov 14:55:12 CET 2018(B[m
2018-11-04 14:55:56 log-cmd[5979] INFO: calling: date(B[m
[2m2018-11-04 14:55:56 log-cmd[5979] DEBUG: So 4. Nov 14:55:56 CET 2018(B[m
2018-11-04 14:56:47 log-cmd[6376] INFO: calling: date(B[m
[2m2018-11-04 14:56:47 log-cmd[6376] DEBUG: So 4. Nov 14:56:47 CET 2018(B[m
2018-11-04 14:57:16 log-cmd[8926] INFO: xxxxxx(B[m
2018-11-04 14:57:17 log-cmd[8926] INFO: calling: date(B[m
[2m2018-11-04 14:57:17 log-cmd[8926] DEBUG: So 4. Nov 14:57:17 CET 2018(B[m
2018-11-04 14:58:31 log-cmd[9424] INFO: xxxxxx(B[m
2018-11-04 14:58:32 log-cmd[9424] INFO: calling: date(B[m
[2m2018-11-04 14:58:32 log-cmd[9424] DEBUG: So 4. Nov 14:58:32 CET 2018(B[m
2018-11-04 14:59:03 log-cmd[9630] INFO: calling: date(B[m
[2m2018-11-04 14:59:03 log-cmd[9630] DEBUG: So 4. Nov 14:59:03 CET 2018(B[m
2018-11-04 14:59:32 log-cmd[9791] INFO: calling: date(B[m
[2m2018-11-04 14:59:32 log-cmd[9791] DEBUG: So 4. Nov 14:59:32 CET 2018(B[m
2018-11-04 14:59:58 log-cmd[9920] INFO: calling: date(B[m
2018-11-04 14:59:58 log-cmd[9920] INFO: xxxxxx(B[m
[32m2018-11-04 14:59:58 log-cmd[9920] NOTICE: date call succeeded(B[m
2018-11-04 15:00:49 log-cmd[10094] INFO: calling: date(B[m
2018-11-04 15:00:49 log-cmd[10094] INFO: xxxxxx(B[m
[32m2018-11-04 15:00:50 log-cmd[10094] NOTICE: date call succeeded(B[m
2018-11-04 16:30:09 log-cmd[10947] INFO: calling: date(B[m
2018-11-04 16:30:09 log-cmd[10947] INFO: xxxxxx(B[m
[32m2018-11-04 16:30:09 log-cmd[10947] NOTICE: date call succeeded(B[m
2018-11-04 16:30:19 log-cmd[11099] INFO: calling: date(B[m
2018-11-04 16:30:19 log-cmd[11099] INFO: xxxxxx(B[m
[32m2018-11-04 16:30:19 log-cmd[11099] NOTICE: date call succeeded(B[m
2018-11-04 16:30:49 log-cmd[11329] INFO: calling: date(B[m
[2m2018-11-04 16:30:49 log-cmd[11329] DEBUG: So 4. Nov 16:30:49 CET 2018(B[m
2018-11-04 16:30:49 log-cmd[11329] INFO: xxxxxx(B[m
[32m2018-11-04 16:30:49 log-cmd[11329] NOTICE: date call succeeded(B[m
2018-11-04 16:31:18 log-cmd[11442] INFO: calling: date(B[m
2018-11-04 16:31:18 log-cmd[11442] INFO: xxxxxx(B[m
[2m2018-11-04 16:31:18 log-cmd[11442] DEBUG: So 4. Nov 16:31:18 CET 2018(B[m
[32m2018-11-04 16:31:18 log-cmd[11442] NOTICE: date call succeeded(B[m
2018-11-04 16:32:03 log-cmd[11668] INFO: calling: date(B[m
[2m2018-11-04 16:32:03 log-cmd[11668] DEBUG: So 4. Nov 16:32:03 CET 2018(B[m
[32m2018-11-04 16:32:04 log-cmd[11668] NOTICE: date call succeeded(B[m
2018-11-04 16:32:14 log-cmd[11782] INFO: calling: date(B[m
[2m2018-11-04 16:32:14 log-cmd[11782] DEBUG: So 4. Nov 16:32:14 CET 2018(B[m
[32m2018-11-04 16:32:14 log-cmd[11782] NOTICE: date call succeeded(B[m
2018-11-04 16:33:35 log-cmd[12012] INFO: calling: date(B[m
[2m2018-11-04 16:33:35 log-cmd[12012] DEBUG: So 4. Nov 16:33:35 CET 2018(B[m
[32m2018-11-04 16:33:35 log-cmd[12012] NOTICE: date call succeeded(B[m
2018-11-04 16:37:17 log-cmd[14580] INFO: calling: sudo apt-get update(B[m
[2m2018-11-04 16:37:22 log-cmd[14580] DEBUG: Ign:1 http://ftp-stud.hs-esslingen.de/pub/Mirrors/packages.linuxmint.com sarah InRelease(B[m
[2m2018-11-04 16:37:22 log-cmd[14580] DEBUG: OK:2 http://ppa.launchpad.net/minetestdevs/stable/ubuntu xenial InRelease(B[m
[2m2018-11-04 16:37:22 log-cmd[14580] DEBUG: OK:3 http://ftp-stud.hs-esslingen.de/ubuntu xenial InRelease(B[m
[2m2018-11-04 16:37:22 log-cmd[14580] DEBUG: Holen:4 http://security.ubuntu.com/ubuntu xenial-security InRelease [107 kB](B[m
[2m2018-11-04 16:37:22 log-cmd[14580] DEBUG: OK:5 http://linux.teamviewer.com/deb stable InRelease(B[m
[2m2018-11-04 16:37:22 log-cmd[14580] DEBUG: Ign:6 http://dl.google.com/linux/chrome/deb stable InRelease(B[m
[2m2018-11-04 16:37:22 log-cmd[14580] DEBUG: OK:7 http://archive.canonical.com/ubuntu xenial InRelease(B[m
[2m2018-11-04 16:37:22 log-cmd[14580] DEBUG: Holen:8 http://ftp-stud.hs-esslingen.de/ubuntu xenial-updates InRelease [109 kB](B[m
[2m2018-11-04 16:37:22 log-cmd[14580] DEBUG: OK:9 http://linux.teamviewer.com/deb preview InRelease(B[m
[2m2018-11-04 16:37:22 log-cmd[14580] DEBUG: OK:10 http://dl.google.com/linux/chrome/deb stable Release(B[m
[2m2018-11-04 16:37:22 log-cmd[14580] DEBUG: OK:11 http://ppa.launchpad.net/kubuntu-ppa/backports/ubuntu xenial InRelease(B[m
[2m2018-11-04 16:37:22 log-cmd[14580] DEBUG: OK:12 https://deb.nodesource.com/node_6.x xenial InRelease(B[m
[2m2018-11-04 16:37:22 log-cmd[14580] DEBUG: OK:14 http://ppa.launchpad.net/webupd8team/atom/ubuntu xenial InRelease(B[m
[2m2018-11-04 16:37:22 log-cmd[14580] DEBUG: Holen:15 http://ftp-stud.hs-esslingen.de/ubuntu xenial-backports InRelease [107 kB](B[m
[2m2018-11-04 16:37:23 log-cmd[14580] DEBUG: OK:16 http://ppa.launchpad.net/webupd8team/haguichi/ubuntu xenial InRelease(B[m
[2m2018-11-04 16:37:23 log-cmd[14580] DEBUG: Holen:17 https://packages.microsoft.com/repos/vscode stable InRelease [2.801 B](B[m
[2m2018-11-04 16:37:23 log-cmd[14580] DEBUG: OK:18 http://ftp-stud.hs-esslingen.de/pub/Mirrors/packages.linuxmint.com sarah Release(B[m
[2m2018-11-04 16:37:23 log-cmd[14580] DEBUG: Holen:20 https://packages.microsoft.com/repos/vscode stable/main amd64 Packages [75,6 kB](B[m
[2m2018-11-04 16:37:28 log-cmd[14580] DEBUG: Es wurden 401 kB in 2 s geholt (141 kB/s).(B[m
[2m2018-11-04 16:37:30 log-cmd[14580] DEBUG: Paketlisten werden gelesen...(B[m
[32m2018-11-04 16:37:30 log-cmd[14580] NOTICE: sudo call succeeded(B[m
2018-11-04 16:38:06 log-cmd[15802] INFO: calling: sudo apt-get update(B[m
[2m2018-11-04 16:38:06 log-cmd[15802] DEBUG: Hit:1 http://linux.teamviewer.com/deb stable InRelease(B[m
[2m2018-11-04 16:38:06 log-cmd[15802] DEBUG: Ign:2 http://ftp-stud.hs-esslingen.de/pub/Mirrors/packages.linuxmint.com sarah InRelease(B[m
[2m2018-11-04 16:38:06 log-cmd[15802] DEBUG: Hit:3 http://ppa.launchpad.net/minetestdevs/stable/ubuntu xenial InRelease(B[m
[2m2018-11-04 16:38:06 log-cmd[15802] DEBUG: Get:4 http://security.ubuntu.com/ubuntu xenial-security InRelease [107 kB](B[m
[2m2018-11-04 16:38:06 log-cmd[15802] DEBUG: Ign:5 http://dl.google.com/linux/chrome/deb stable InRelease(B[m
[2m2018-11-04 16:38:06 log-cmd[15802] DEBUG: Hit:6 http://linux.teamviewer.com/deb preview InRelease(B[m
[2m2018-11-04 16:38:06 log-cmd[15802] DEBUG: Hit:7 http://ftp-stud.hs-esslingen.de/ubuntu xenial InRelease(B[m
[2m2018-11-04 16:38:06 log-cmd[15802] DEBUG: Hit:8 http://archive.canonical.com/ubuntu xenial InRelease(B[m
[2m2018-11-04 16:38:06 log-cmd[15802] DEBUG: Hit:9 http://dl.google.com/linux/chrome/deb stable Release(B[m
[2m2018-11-04 16:38:06 log-cmd[15802] DEBUG: Hit:10 http://ftp-stud.hs-esslingen.de/ubuntu xenial-updates InRelease(B[m
[2m2018-11-04 16:38:06 log-cmd[15802] DEBUG: Hit:11 http://ppa.launchpad.net/kubuntu-ppa/backports/ubuntu xenial InRelease(B[m
[2m2018-11-04 16:38:06 log-cmd[15802] DEBUG: Hit:12 http://ftp-stud.hs-esslingen.de/ubuntu xenial-backports InRelease(B[m
[2m2018-11-04 16:38:07 log-cmd[15802] DEBUG: Hit:14 http://ftp-stud.hs-esslingen.de/pub/Mirrors/packages.linuxmint.com sarah Release(B[m
[2m2018-11-04 16:38:07 log-cmd[15802] DEBUG: Hit:15 http://ppa.launchpad.net/webupd8team/atom/ubuntu xenial InRelease(B[m
[2m2018-11-04 16:38:07 log-cmd[15802] DEBUG: Hit:16 https://deb.nodesource.com/node_6.x xenial InRelease(B[m
[2m2018-11-04 16:38:07 log-cmd[15802] DEBUG: Hit:17 https://packages.microsoft.com/repos/vscode stable InRelease(B[m
[2m2018-11-04 16:38:07 log-cmd[15802] DEBUG: Hit:19 http://ppa.launchpad.net/webupd8team/haguichi/ubuntu xenial InRelease(B[m
[2m2018-11-04 16:38:07 log-cmd[15802] DEBUG: Fetched 107 kB in 1s (82.2 kB/s)(B[m
[2m2018-11-04 16:38:09 log-cmd[15802] DEBUG: Reading package lists...(B[m
[32m2018-11-04 16:38:09 log-cmd[15802] NOTICE: sudo call succeeded(B[m
2018-11-04 16:41:15 log-cmd[17135] INFO: calling: apt-get update(B[m
[2m2018-11-04 16:41:16 log-cmd[17135] DEBUG: Reading package lists...(B[m
[31m2018-11-04 16:41:16 log-cmd[17135] ERROR: W: chmod 0700 of directory /var/lib/apt/lists/partial failed - SetupAPTPartialDirectory (1: Operation not permitted)(B[m
[2m2018-11-04 16:41:16 log-cmd[17135] DEBUG: E: Could not open lock file /var/lib/apt/lists/lock - open (13: Permission denied)(B[m
[2m2018-11-04 16:41:16 log-cmd[17135] DEBUG: E: Unable to lock directory /var/lib/apt/lists/(B[m
[2m2018-11-04 16:41:16 log-cmd[17135] DEBUG: W: Problem unlinking the file /var/cache/apt/pkgcache.bin - RemoveCaches (13: Permission denied)(B[m
[2m2018-11-04 16:41:16 log-cmd[17135] DEBUG: W: Problem unlinking the file /var/cache/apt/srcpkgcache.bin - RemoveCaches (13: Permission denied)(B[m
[31m2018-11-04 16:41:16 log-cmd[17135] ERROR: apt-get exited with return code 100(B[m
[31m[1m[7m2018-11-04 16:41:16 log-cmd[17135] ALERT: Could not...(B[m
2018-11-04 16:42:21 log-cmd[17431] INFO: calling: apt-get update(B[m
[2m2018-11-04 16:42:21 log-cmd[17431] DEBUG: Reading package lists...(B[m
[31m2018-11-04 16:42:21 log-cmd[17431] ERROR: W: chmod 0700 of directory /var/lib/apt/lists/partial failed - SetupAPTPartialDirectory (1: Operation not permitted)(B[m
[31m2018-11-04 16:42:21 log-cmd[17431] ERR: E: Could not open lock file /var/lib/apt/lists/lock - open (13: Permission denied)(B[m
[31m2018-11-04 16:42:21 log-cmd[17431] ERR: E: Unable to lock directory /var/lib/apt/lists/(B[m
[33m2018-11-04 16:42:21 log-cmd[17431] WARN: W: Problem unlinking the file /var/cache/apt/pkgcache.bin - RemoveCaches (13: Permission denied)(B[m
[33m2018-11-04 16:42:21 log-cmd[17431] WARN: W: Problem unlinking the file /var/cache/apt/srcpkgcache.bin - RemoveCaches (13: Permission denied)(B[m
[31m2018-11-04 16:42:21 log-cmd[17431] ERROR: apt-get exited with return code 100(B[m
[31m[1m[7m2018-11-04 16:42:21 log-cmd[17431] ALERT: Could not...(B[m
2018-11-04 16:45:59 log-cmd[17850] INFO: calling: apt-get update(B[m
[2m2018-11-04 16:45:59 log-cmd[17850] DEBUG: Reading package lists...(B[m
[31m2018-11-04 16:45:59 log-cmd[17850] ERROR: W: chmod 0700 of directory /var/lib/apt/lists/partial failed - SetupAPTPartialDirectory (1: Operation not permitted)(B[m
[31m2018-11-04 16:45:59 log-cmd[17850] ERR: E: Could not open lock file /var/lib/apt/lists/lock - open (13: Permission denied)(B[m
[31m2018-11-04 16:45:59 log-cmd[17850] ERR: E: Unable to lock directory /var/lib/apt/lists/(B[m
[33m2018-11-04 16:45:59 log-cmd[17850] WARN: W: Problem unlinking the file /var/cache/apt/pkgcache.bin - RemoveCaches (13: Permission denied)(B[m
[33m2018-11-04 16:45:59 log-cmd[17850] WARN: W: Problem unlinking the file /var/cache/apt/srcpkgcache.bin - RemoveCaches (13: Permission denied)(B[m
[31m2018-11-04 16:45:59 log-cmd[17850] ERROR: apt-get exited with return code 100(B[m
[31m[1m[7m2018-11-04 16:45:59 log-cmd[17850] ALERT: Could not...(B[m
